[36mvite v8.0.3 [32mbuilding client environment for production...[36m[39m
[2K
transforming...Γ£ô 2121 modules transformed.
rendering chunks...
node.exe : [31mΓ£ù[39m Build failed 
in 376ms
At C:\Program Files\nodejs\npx.ps1:29 
char:3
+   & $NODE_EXE $NPX_CLI_JS $args
+   ~~~~~~~~~~~~~~~~~~~~~~~~~~~~~
    + CategoryInfo          : NotSpecif 
   ied: ([31mΓ£ù[39m Build failed in  
   376ms:String) [], RemoteException
    + FullyQualifiedErrorId : NativeCom 
   mandError
 
[31merror during build:
[31mBuild failed with 1 error:

[31m[MISSING_EXPORT] Error:[0m 
"LucideIcon" is not exported by "node_mo
dules/lucide-react/dist/esm/lucide-react
.js".
   [38;5;246mΓò¡[0m[38;5;246mΓöÇ[0m
[38;5;246m[[0m src/App.jsx:3:307 
[38;5;246m][0m
   [38;5;246mΓöé[0m
 [38;5;246m3 Γöé[0m [38;5;249mi[0m[
38;5;249mm[0m[38;5;249mp[0m[38;5;249
mo[0m[38;5;249mr[0m[38;5;249mt[0m[
38;5;249m 
[0m[38;5;249m{[0m[38;5;249m [0m[38
;5;249mB[0m[38;5;249mu[0m[38;5;249mi
[0m[38;5;249ml[0m[38;5;249md[0m[38
;5;249mi[0m[38;5;249mn[0m[38;5;249mg
[0m[38;5;249m2[0m[38;5;249m,[0m[38
;5;249m [0m[38;5;249mS[0m[38;5;249me
[0m[38;5;249ma[0m[38;5;249mr[0m[38
;5;249mc[0m[38;5;249mh[0m[38;5;249m,
[0m[38;5;249m [0m[38;5;249mM[0m[38
;5;249ma[0m[38;5;249mp[0m[38;5;249mP
[0m[38;5;249mi[0m[38;5;249mn[0m[38
;5;249m,[0m[38;5;249m [0m[38;5;249mH
[0m[38;5;249mo[0m[38;5;249mm[0m[38
;5;249me[0m[38;5;249m,[0m[38;5;249m 
[0m[38;5;249mD[0m[38;5;249mo[0m[38
;5;249ml[0m[38;5;249ml[0m[38;5;249ma
[0m[38;5;249mr[0m[38;5;249mS[0m[38
;5;249mi[0m[38;5;249mg[0m[38;5;249mn
[0m[38;5;249m,[0m[38;5;249m [0m[38
;5;249mC[0m[38;5;249mh[0m[38;5;249me
[0m[38;5;249mc[0m[38;5;249mk[0m[38
;5;249mC[0m[38;5;249mi[0m[38;5;249mr
[0m[38;5;249mc[0m[38;5;249ml[0m[38
;5;249me[0m[38;5;249m2[0m[38;5;249m,
[0m[38;5;249m [0m[38;5;249mS[0m[38
;5;249mh[0m[38;5;249mi[0m[38;5;249me
[0m[38;5;249ml[0m[38;5;249md[0m[38
;5;249mC[0m[38;5;249mh[0m[38;5;249me
[0m[38;5;249mc[0m[38;5;249mk[0m[38
;5;249m,[0m[38;5;249m [0m[38;5;249mK
[0m[38;5;249me[0m[38;5;249my[0m[38
;5;249m,[0m[38;5;249m [0m[38;5;249mL
[0m[38;5;249mi[0m[38;5;249mn[0m[38
;5;249mk[0m[38;5;249m [0m[38;5;249ma
[0m[38;5;249ms[0m[38;5;249m [0m[38
;5;249mL[0m[38;5;249mi[0m[38;5;249mn
[0m[38;5;249mk[0m[38;5;249mI[0m[38
;5;249mc[0m[38;5;249mo[0m[38;5;249mn
[0m[38;5;249m,[0m[38;5;249m [0m[38
;5;249mT[0m[38;5;249mr[0m[38;5;249me
[0m[38;5;249mn[0m[38;5;249md[0m[38
;5;249mi[0m[38;5;249mn[0m[38;5;249mg
[0m[38;5;249mU[0m[38;5;249mp[0m[38
;5;249m,[0m[38;5;249m [0m[38;5;249mU
[0m[38;5;249ms[0m[38;5;249me[0m[38
;5;249mr[0m[38;5;249ms[0m[38;5;249m,
[0m[38;5;249m [0m[38;5;249mP[0m[38
;5;249mi[0m[38;5;249me[0m[38;5;249mC
[0m[38;5;249mh[0m[38;5;249ma[0m[38
;5;249mr[0m[38;5;249mt[0m[38;5;249m,
[0m[38;5;249m [0m[38;5;249mS[0m[38
;5;249mm[0m[38;5;249ma[0m[38;5;249mr
[0m[38;5;249mt[0m[38;5;249mp[0m[38
;5;249mh[0m[38;5;249mo[0m[38;5;249mn
[0m[38;5;249me[0m[38;5;249m,[0m[38
;5;249m [0m[38;5;249mG[0m[38;5;249ml
[0m[38;5;249mo[0m[38;5;249mb[0m[38
;5;249me[0m[38;5;249m,[0m[38;5;249m 
[0m[38;5;249mS[0m[38;5;249mh[0m[38
;5;249mi[0m[38;5;249me[0m[38;5;249ml
[0m[38;5;249md[0m[38;5;249m,[0m[38
;5;249m [0m[38;5;249mT[0m[38;5;249mo
[0m[38;5;249mg[0m[38;5;249mg[0m[38
;5;249ml[0m[38;5;249me[0m[38;5;249mR
[0m[38;5;249mi[0m[38;5;249mg[0m[38
;5;249mh[0m[38;5;249mt[0m[38;5;249m,
[0m[38;5;249m [0m[38;5;249mT[0m[38
;5;249mo[0m[38;5;249mg[0m[38;5;249mg
[0m[38;5;249ml[0m[38;5;249me[0m[38
;5;249mL[0m[38;5;249me[0m[38;5;249mf
[0m[38;5;249mt[0m[38;5;249m,[0m[38
;5;249m [0m[38;5;249mA[0m[38;5;249mc
[0m[38;5;249mt[0m[38;5;249mi[0m[38
;5;249mv[0m[38;5;249mi[0m[38;5;249mt
[0m[38;5;249my[0m[38;5;249m,[0m[38
;5;249m [0m[38;5;249mM[0m[38;5;249ma
[0m[38;5;249mp[0m[38;5;249m,[0m[38
;5;249m [0m[38;5;249mA[0m[38;5;249mr
[0m[38;5;249mr[0m[38;5;249mo[0m[38
;5;249mw[0m[38;5;249mR[0m[38;5;249mi
[0m[38;5;249mg[0m[38;5;249mh[0m[38
;5;249mt[0m[38;5;249m,[0m[38;5;249m 
[0m[38;5;249mM[0m[38;5;249me[0m[38
;5;249mn[0m[38;5;249mu[0m[38;5;249m,
[0m[38;5;249m [0m[38;5;249mX[0m[38
;5;249m,[0m[38;5;249m [0m[38;5;249mS
[0m[38;5;249mp[0m[38;5;249ma[0m[38
;5;249mr[0m[38;5;249mk[0m[38;5;249ml
[0m[38;5;249me[0m[38;5;249ms[0m[38
;5;249m,[0m[38;5;249m [0m[38;5;249mZ
[0m[38;5;249ma[0m[38;5;249mp[0m[38
;5;249m,[0m[38;5;249m [0m[38;5;249mS
[0m[38;5;249mm[0m[38;5;249ma[0m[38
;5;249mr[0m[38;5;249mt[0m[38;5;249mp
[0m[38;5;249mh[0m[38;5;249mo[0m[38
;5;249mn[0m[38;5;249me[0m[38;5;249mN
[0m[38;5;249mf[0m[38;5;249mc[0m[38
;5;249m,[0m[38;5;249m [0m[38;5;249mF
[0m[38;5;249mi[0m[38;5;249mn[0m[38
;5;249mg[0m[38;5;249me[0m[38;5;249mr
[0m[38;5;249mp[0m[38;5;249mr[0m[38
;5;249mi[0m[38;5;249mn[0m[38;5;249mt
[0m[38;5;249m,[0m[38;5;249m [0m[38
;5;249mC[0m[38;5;249mp[0m[38;5;249mu
[0m[38;5;249m,[0m[38;5;249m [0m[38
;5;249mL[0m[38;5;249ma[0m[38;5;249my
[0m[38;5;249me[0m[38;5;249mr[0m[38
;5;249ms[0m[38;5;249m,[0m[38;5;249m 
[0m[38;5;249mM[0m[38;5;249me[0m[38
;5;249ms[0m[38;5;249ms[0m[38;5;249ma
[0m[38;5;249mg[0m[38;5;249me[0m[38
;5;249mS[0m[38;5;249mq[0m[38;5;249mu
[0m[38;5;249ma[0m[38;5;249mr[0m[38
;5;249me[0m[38;5;249m,[0m[38;5;249m 
[0m[38;5;249mE[0m[38;5;249mx[0m[38
;5;249mt[0m[38;5;249me[0m[38;5;249mr
[0m[38;5;249mn[0m[38;5;249ma[0m[38
;5;249ml[0m[38;5;249mL[0m[38;5;249mi
[0m[38;5;249mn[0m[38;5;249mk[0m[38
;5;249m,[0m[38;5;249m 
[0mLucideIcon[38;5;249m 
[0m[38;5;249m}[0m[38;5;249m [0m[38
;5;249mf[0m[38;5;249mr[0m[38;5;249mo
[0m[38;5;249mm[0m[38;5;249m [0m[38
;5;249m"[0m[38;5;249ml[0m[38;5;249mu
[0m[38;5;249mc[0m[38;5;249mi[0m[38
;5;249md[0m[38;5;249me[0m[38;5;249m-
[0m[38;5;249mr[0m[38;5;249me[0m[38
;5;249ma[0m[38;5;249mc[0m[38;5;249mt
[0m[38;5;249m"[0m[38;5;249m;[0m
 [38;5;240m  Γöé[0m                   
                                        
                                        
                                        
                                        
                                        
                                        
                                        
        ΓöÇΓöÇΓöÇΓöÇΓöÇΓö¼ΓöÇΓöÇΓöÇΓöÇ  
 [38;5;240m  Γöé[0m                   
                                        
                                        
                                        
                                        
                                        
                                        
                                        
             Γò░ΓöÇΓöÇΓöÇΓöÇΓöÇΓöÇ 
Missing export
[38;5;246mΓöÇΓöÇΓöÇΓò»[0m
[31m
    at 
aggregateBindingErrorsIntoJsError (file:
///C:/Users/programming/collage/ecom/ass
ignment_2/node_modules/rolldown/dist/sha
red/error-BLhcSyeg.mjs:48:18)
    at unwrapBindingResult (file:///C:/U
sers/programming/collage/ecom/assignment
_2/node_modules/rolldown/dist/shared/err
or-BLhcSyeg.mjs:18:128)
    at #build (file:///C:/Users/programm
ing/collage/ecom/assignment_2/node_modul
es/rolldown/dist/shared/rolldown-build-C
PrIX9V6.mjs:3313:34)
    at async buildEnvironment (file:///C
:/Users/programming/collage/ecom/assignm
ent_2/node_modules/vite/dist/node/chunks
/node.js:32849:64)
    at async Object.build (file:///C:/Us
ers/programming/collage/ecom/assignment_
2/node_modules/vite/dist/node/chunks/nod
e.js:33271:19)
    at async Object.buildApp (file:///C:
/Users/programming/collage/ecom/assignme
nt_2/node_modules/vite/dist/node/chunks/
node.js:33268:153)
    at async CAC.<anonymous> (file:///C:
/Users/programming/collage/ecom/assignme
nt_2/node_modules/vite/dist/node/cli.js:
778:3) {
  errors: [Getter/Setter]
}[39m
